
*** Running vivado
    with args -log design_1_axisafety_2_0.vds -m64 -product Vivado -mode batch -messageDb vivado.pb -notrace -source design_1_axisafety_2_0.tcl


****** Vivado v2022.2.2 (64-bit)
  **** SW Build 3788238 on Tue Feb 21 19:59:23 MST 2023
  **** IP Build 3783773 on Tue Feb 21 23:41:56 MST 2023
    ** Copyright 1986-2023 Xilinx, Inc. All Rights Reserved.

source design_1_axisafety_2_0.tcl -notrace
INFO: [IP_Flow 19-234] Refreshing IP repositories
INFO: [IP_Flow 19-1700] Loaded user IP repository '/home/agreshil/vivado_projects/i2c-master/x2o-vivado-usplus-control-i2c-master-pl/control/ip_repo/i2c_master_1_0'.
WARNING: [IP_Flow 19-2248] Failed to load user IP repository '/home/agreshil/vivado_projects/i2c-master/x2o-vivado-usplus-control-i2c-master-pl/control/ip_repo/myip_1_0'; Can't find the specified path.
If this directory should no longer be in your list of user repositories, go to the IP Settings dialog and remove it.
WARNING: [IP_Flow 19-2207] Repository '/home/agreshil/vivado_projects/i2c-master/x2o-vivado-usplus-control-i2c-master-pl/control/ip_repo/myip_1_0' already exists; ignoring attempt to add it again.
WARNING: [IP_Flow 19-2248] Failed to load user IP repository '/home/agreshil/vivado_projects/i2c-master/x2o-vivado-usplus-control-i2c-master-pl/control/ip_repo/myip_1_0'; Can't find the specified path.
If this directory should no longer be in your list of user repositories, go to the IP Settings dialog and remove it.
WARNING: [IP_Flow 19-2207] Repository '/home/agreshil/vivado_projects/i2c-master/x2o-vivado-usplus-control-i2c-master-pl/control/ip_repo/myip_1_0' already exists; ignoring attempt to add it again.
WARNING: [IP_Flow 19-2248] Failed to load user IP repository '/home/agreshil/vivado_projects/i2c-master/x2o-vivado-usplus-control-i2c-master-pl/control/ip_repo/myip_1_0'; Can't find the specified path.
If this directory should no longer be in your list of user repositories, go to the IP Settings dialog and remove it.
WARNING: [IP_Flow 19-2207] Repository '/home/agreshil/vivado_projects/i2c-master/x2o-vivado-usplus-control-i2c-master-pl/control/ip_repo/i2c_master_1_0' already exists; ignoring attempt to add it again.
INFO: [IP_Flow 19-1700] Loaded user IP repository '/home/agreshil/vivado_projects/i2c-master/x2o-vivado-usplus-control-i2c-master-pl/control/ip_repo/i2c_master_1_0'.
WARNING: [IP_Flow 19-2207] Repository '/home/agreshil/vivado_projects/i2c-master/x2o-vivado-usplus-control-i2c-master-pl/control/ip_repo/i2c_master_1_0' already exists; ignoring attempt to add it again.
INFO: [IP_Flow 19-1700] Loaded user IP repository '/home/agreshil/vivado_projects/i2c-master/x2o-vivado-usplus-control-i2c-master-pl/control/ip_repo/i2c_master_1_0'.
WARNING: [IP_Flow 19-2207] Repository '/home/agreshil/vivado_projects/i2c-master/x2o-vivado-usplus-control-i2c-master-pl/control/ip_repo/i2c_master_1_0' already exists; ignoring attempt to add it again.
INFO: [IP_Flow 19-1700] Loaded user IP repository '/home/agreshil/vivado_projects/i2c-master/x2o-vivado-usplus-control-i2c-master-pl/control/ip_repo/i2c_master_1_0'.
WARNING: [IP_Flow 19-2248] Failed to load user IP repository '/home/agreshil/vivado_projects/i2c-master/x2o-vivado-usplus-control-i2c-master-pl/control/ip_repo/i2c_master_buf_1_0'; Can't find the specified path.
If this directory should no longer be in your list of user repositories, go to the IP Settings dialog and remove it.
WARNING: [IP_Flow 19-2207] Repository '/home/agreshil/vivado_projects/i2c-master/x2o-vivado-usplus-control-i2c-master-pl/control/ip_repo/i2c_master_buf_1_0' already exists; ignoring attempt to add it again.
WARNING: [IP_Flow 19-2248] Failed to load user IP repository '/home/agreshil/vivado_projects/i2c-master/x2o-vivado-usplus-control-i2c-master-pl/control/ip_repo/i2c_master_buf_1_0'; Can't find the specified path.
If this directory should no longer be in your list of user repositories, go to the IP Settings dialog and remove it.
INFO: [IP_Flow 19-1700] Loaded user IP repository '/home/agreshil/vivado_projects/i2c-master/x2o-vivado-usplus-control-i2c-master-pl/control/ip_repo/axis_jtag'.
INFO: [IP_Flow 19-2313] Loaded Vivado IP repository '/tools/Xilinx/Vivado/2022.2/data/ip'.
INFO: [IP_Flow 19-6924] IPCACHE: Running cache check for IP inst: design_1_axisafety_2_0
Command: synth_design -top design_1_axisafety_2_0 -part xck26-sfvc784-2LV-c -incremental_mode off -mode out_of_context
Starting synth_design
Attempting to get a license for feature 'Synthesis' and/or device 'xck26'
INFO: [Common 17-349] Got license for feature 'Synthesis' and/or device 'xck26'
INFO: [Device 21-403] Loading part xck26-sfvc784-2LV-c
INFO: [Synth 8-7079] Multithreading enabled for synth_design using a maximum of 4 processes.
INFO: [Synth 8-7078] Launching helper process for spawning children vivado processes
INFO: [Synth 8-7075] Helper process launched with PID 6321
INFO: [Synth 8-11241] undeclared symbol 'REGCCE', assumed default net type 'wire' [/tools/Xilinx/Vivado/2022.2/data/verilog/src/unimacro/BRAM_SINGLE_MACRO.v:2170]
WARNING: [Synth 8-6901] identifier 'ext_resetn_r' is used before its declaration [/home/agreshil/vivado_projects/i2c-master/x2o-vivado-usplus-control-i2c-master-pl/control/apex_kria/apex_kria.srcs/sources_1/imports/bd_rtl/axisafety.v:891]
WARNING: [Synth 8-6901] identifier 'ext_resetn_r' is used before its declaration [/home/agreshil/vivado_projects/i2c-master/x2o-vivado-usplus-control-i2c-master-pl/control/apex_kria/apex_kria.srcs/sources_1/imports/bd_rtl/axisafety.v:939]
WARNING: [Synth 8-6901] identifier 'ext_resetn_r' is used before its declaration [/home/agreshil/vivado_projects/i2c-master/x2o-vivado-usplus-control-i2c-master-pl/control/apex_kria/apex_kria.srcs/sources_1/imports/bd_rtl/axisafety.v:1194]
WARNING: [Synth 8-6901] identifier 'ext_resetn_r' is used before its declaration [/home/agreshil/vivado_projects/i2c-master/x2o-vivado-usplus-control-i2c-master-pl/control/apex_kria/apex_kria.srcs/sources_1/imports/bd_rtl/axisafety.v:1417]
---------------------------------------------------------------------------------
Starting RTL Elaboration : Time (s): cpu = 00:00:03 ; elapsed = 00:00:03 . Memory (MB): peak = 3060.250 ; gain = 235.742 ; free physical = 5497 ; free virtual = 16728
Synthesis current peak Physical Memory [PSS] (MB): peak = 2292.737; parent = 2141.026; children = 151.711
Synthesis current peak Virtual Memory [VSS] (MB): peak = 4084.055; parent = 3066.191; children = 1017.863
---------------------------------------------------------------------------------
INFO: [Synth 8-6157] synthesizing module 'design_1_axisafety_2_0' [/home/agreshil/vivado_projects/i2c-master/x2o-vivado-usplus-control-i2c-master-pl/control/apex_kria/apex_kria.gen/sources_1/bd/design_1/ip/design_1_axisafety_2_0/synth/design_1_axisafety_2_0.v:53]
INFO: [Synth 8-6157] synthesizing module 'axisafety' [/home/agreshil/vivado_projects/i2c-master/x2o-vivado-usplus-control-i2c-master-pl/control/apex_kria/apex_kria.srcs/sources_1/imports/bd_rtl/axisafety.v:154]
INFO: [Synth 8-6155] done synthesizing module 'axisafety' (0#1) [/home/agreshil/vivado_projects/i2c-master/x2o-vivado-usplus-control-i2c-master-pl/control/apex_kria/apex_kria.srcs/sources_1/imports/bd_rtl/axisafety.v:154]
INFO: [Synth 8-6155] done synthesizing module 'design_1_axisafety_2_0' (0#1) [/home/agreshil/vivado_projects/i2c-master/x2o-vivado-usplus-control-i2c-master-pl/control/apex_kria/apex_kria.gen/sources_1/bd/design_1/ip/design_1_axisafety_2_0/synth/design_1_axisafety_2_0.v:53]
WARNING: [Synth 8-6014] Unused sequential element r_awlock_reg was removed.  [/home/agreshil/vivado_projects/i2c-master/x2o-vivado-usplus-control-i2c-master-pl/control/apex_kria/apex_kria.srcs/sources_1/imports/bd_rtl/axisafety.v:486]
WARNING: [Synth 8-6014] Unused sequential element r_arlock_reg was removed.  [/home/agreshil/vivado_projects/i2c-master/x2o-vivado-usplus-control-i2c-master-pl/control/apex_kria/apex_kria.srcs/sources_1/imports/bd_rtl/axisafety.v:1036]
WARNING: [Synth 8-6014] Unused sequential element exread_reg was removed.  [/home/agreshil/vivado_projects/i2c-master/x2o-vivado-usplus-control-i2c-master-pl/control/apex_kria/apex_kria.srcs/sources_1/imports/bd_rtl/axisafety.v:1220]
WARNING: [Synth 8-6014] Unused sequential element r_rresp_reg was removed.  [/home/agreshil/vivado_projects/i2c-master/x2o-vivado-usplus-control-i2c-master-pl/control/apex_kria/apex_kria.srcs/sources_1/imports/bd_rtl/axisafety.v:1275]
WARNING: [Synth 8-6014] Unused sequential element rfifo_first_reg was removed.  [/home/agreshil/vivado_projects/i2c-master/x2o-vivado-usplus-control-i2c-master-pl/control/apex_kria/apex_kria.srcs/sources_1/imports/bd_rtl/axisafety.v:1379]
WARNING: [Synth 8-7129] Port S_AXI_AWLOCK in module axisafety is either unconnected or has no load
WARNING: [Synth 8-7129] Port S_AXI_ARLOCK in module axisafety is either unconnected or has no load
---------------------------------------------------------------------------------
Finished RTL Elaboration : Time (s): cpu = 00:00:04 ; elapsed = 00:00:05 . Memory (MB): peak = 3140.156 ; gain = 315.648 ; free physical = 5741 ; free virtual = 16979
Synthesis current peak Physical Memory [PSS] (MB): peak = 2292.737; parent = 2141.026; children = 151.711
Synthesis current peak Virtual Memory [VSS] (MB): peak = 4158.023; parent = 3140.160; children = 1017.863
---------------------------------------------------------------------------------
---------------------------------------------------------------------------------
Start Handling Custom Attributes
---------------------------------------------------------------------------------
---------------------------------------------------------------------------------
Finished Handling Custom Attributes : Time (s): cpu = 00:00:05 ; elapsed = 00:00:05 . Memory (MB): peak = 3157.969 ; gain = 333.461 ; free physical = 5744 ; free virtual = 16978
Synthesis current peak Physical Memory [PSS] (MB): peak = 2292.737; parent = 2141.026; children = 151.711
Synthesis current peak Virtual Memory [VSS] (MB): peak = 4175.836; parent = 3157.973; children = 1017.863
---------------------------------------------------------------------------------
---------------------------------------------------------------------------------
Finished RTL Optimization Phase 1 : Time (s): cpu = 00:00:05 ; elapsed = 00:00:05 . Memory (MB): peak = 3157.969 ; gain = 333.461 ; free physical = 5744 ; free virtual = 16978
Synthesis current peak Physical Memory [PSS] (MB): peak = 2292.737; parent = 2141.026; children = 151.711
Synthesis current peak Virtual Memory [VSS] (MB): peak = 4175.836; parent = 3157.973; children = 1017.863
---------------------------------------------------------------------------------
Netlist sorting complete. Time (s): cpu = 00:00:00 ; elapsed = 00:00:00.01 . Memory (MB): peak = 3157.969 ; gain = 0.000 ; free physical = 5731 ; free virtual = 16965
INFO: [Project 1-570] Preparing netlist for logic optimization

Processing XDC Constraints
Initializing timing engine
Completed Processing XDC Constraints

Netlist sorting complete. Time (s): cpu = 00:00:00 ; elapsed = 00:00:00 . Memory (MB): peak = 3293.906 ; gain = 0.000 ; free physical = 5544 ; free virtual = 16777
INFO: [Project 1-111] Unisim Transformation Summary:
No Unisim elements were transformed.

Constraint Validation Runtime : Time (s): cpu = 00:00:00.05 ; elapsed = 00:00:00.02 . Memory (MB): peak = 3317.719 ; gain = 23.812 ; free physical = 5542 ; free virtual = 16775
INFO: [Designutils 20-5008] Incremental synthesis strategy off
INFO: [Synth 8-11241] undeclared symbol 'REGCCE', assumed default net type 'wire' [/tools/Xilinx/Vivado/2022.2/data/verilog/src/unimacro/BRAM_SINGLE_MACRO.v:2170]
---------------------------------------------------------------------------------
Finished Constraint Validation : Time (s): cpu = 00:00:10 ; elapsed = 00:00:10 . Memory (MB): peak = 3317.719 ; gain = 493.211 ; free physical = 5675 ; free virtual = 16909
Synthesis current peak Physical Memory [PSS] (MB): peak = 2292.737; parent = 2141.026; children = 151.711
Synthesis current peak Virtual Memory [VSS] (MB): peak = 4303.570; parent = 3285.707; children = 1017.863
---------------------------------------------------------------------------------
---------------------------------------------------------------------------------
Start Loading Part and Timing Information
---------------------------------------------------------------------------------
Loading part: xck26-sfvc784-2LV-c
INFO: [Synth 8-6742] Reading net delay rules and data
---------------------------------------------------------------------------------
Finished Loading Part and Timing Information : Time (s): cpu = 00:00:10 ; elapsed = 00:00:10 . Memory (MB): peak = 3317.719 ; gain = 493.211 ; free physical = 5675 ; free virtual = 16909
Synthesis current peak Physical Memory [PSS] (MB): peak = 2292.737; parent = 2141.026; children = 151.711
Synthesis current peak Virtual Memory [VSS] (MB): peak = 4303.570; parent = 3285.707; children = 1017.863
---------------------------------------------------------------------------------
---------------------------------------------------------------------------------
Start Applying 'set_property' XDC Constraints
---------------------------------------------------------------------------------
---------------------------------------------------------------------------------
Finished applying 'set_property' XDC Constraints : Time (s): cpu = 00:00:10 ; elapsed = 00:00:10 . Memory (MB): peak = 3317.719 ; gain = 493.211 ; free physical = 5669 ; free virtual = 16909
Synthesis current peak Physical Memory [PSS] (MB): peak = 2292.737; parent = 2141.026; children = 151.711
Synthesis current peak Virtual Memory [VSS] (MB): peak = 4303.570; parent = 3285.707; children = 1017.863
---------------------------------------------------------------------------------
---------------------------------------------------------------------------------
Finished RTL Optimization Phase 2 : Time (s): cpu = 00:00:10 ; elapsed = 00:00:11 . Memory (MB): peak = 3317.719 ; gain = 493.211 ; free physical = 5654 ; free virtual = 16896
Synthesis current peak Physical Memory [PSS] (MB): peak = 2292.737; parent = 2141.026; children = 151.711
Synthesis current peak Virtual Memory [VSS] (MB): peak = 4303.570; parent = 3285.707; children = 1017.863
---------------------------------------------------------------------------------
---------------------------------------------------------------------------------
Start RTL Component Statistics 
---------------------------------------------------------------------------------
Detailed RTL Component Info : 
+---Adders : 
	   2 Input    9 Bit       Adders := 3     
	   2 Input    5 Bit       Adders := 1     
+---Registers : 
	             1024 Bit    Registers := 1     
	               32 Bit    Registers := 4     
	               28 Bit    Registers := 4     
	                9 Bit    Registers := 2     
	                8 Bit    Registers := 4     
	                6 Bit    Registers := 6     
	                5 Bit    Registers := 1     
	                4 Bit    Registers := 10    
	                3 Bit    Registers := 9     
	                2 Bit    Registers := 8     
	                1 Bit    Registers := 30    
+---Muxes : 
	   2 Input   32 Bit        Muxes := 3     
	   2 Input   28 Bit        Muxes := 2     
	   2 Input    9 Bit        Muxes := 4     
	   2 Input    8 Bit        Muxes := 2     
	   2 Input    6 Bit        Muxes := 2     
	   2 Input    4 Bit        Muxes := 5     
	   2 Input    3 Bit        Muxes := 4     
	   2 Input    2 Bit        Muxes := 9     
	   2 Input    1 Bit        Muxes := 56    
---------------------------------------------------------------------------------
Finished RTL Component Statistics 
---------------------------------------------------------------------------------
---------------------------------------------------------------------------------
Start Part Resource Summary
---------------------------------------------------------------------------------
Part Resources:
DSPs: 1248 (col length:96)
BRAMs: 288 (col length: RAMB18 96 RAMB36 48)
---------------------------------------------------------------------------------
Finished Part Resource Summary
---------------------------------------------------------------------------------
---------------------------------------------------------------------------------
Start Cross Boundary and Area Optimization
---------------------------------------------------------------------------------
WARNING: [Synth 8-7080] Parallel synthesis criteria is not met
INFO: [Synth 8-3917] design design_1_axisafety_2_0 has port M_AXI_BREADY driven by constant 1
WARNING: [Synth 8-7129] Port S_AXI_AWLOCK in module design_1_axisafety_2_0 is either unconnected or has no load
WARNING: [Synth 8-7129] Port S_AXI_ARLOCK in module design_1_axisafety_2_0 is either unconnected or has no load
---------------------------------------------------------------------------------
Finished Cross Boundary and Area Optimization : Time (s): cpu = 00:00:12 ; elapsed = 00:00:12 . Memory (MB): peak = 3317.719 ; gain = 493.211 ; free physical = 5586 ; free virtual = 16836
Synthesis current peak Physical Memory [PSS] (MB): peak = 2292.737; parent = 2141.026; children = 151.711
Synthesis current peak Virtual Memory [VSS] (MB): peak = 4303.570; parent = 3285.707; children = 1017.863
---------------------------------------------------------------------------------
---------------------------------------------------------------------------------
Start Applying XDC Timing Constraints
---------------------------------------------------------------------------------
---------------------------------------------------------------------------------
Finished Applying XDC Timing Constraints : Time (s): cpu = 00:00:20 ; elapsed = 00:00:22 . Memory (MB): peak = 3695.375 ; gain = 870.867 ; free physical = 3848 ; free virtual = 15099
Synthesis current peak Physical Memory [PSS] (MB): peak = 2839.496; parent = 2688.201; children = 151.711
Synthesis current peak Virtual Memory [VSS] (MB): peak = 4713.242; parent = 3695.379; children = 1017.863
---------------------------------------------------------------------------------
---------------------------------------------------------------------------------
Start Timing Optimization
---------------------------------------------------------------------------------
---------------------------------------------------------------------------------
Finished Timing Optimization : Time (s): cpu = 00:00:20 ; elapsed = 00:00:22 . Memory (MB): peak = 3696.375 ; gain = 871.867 ; free physical = 3863 ; free virtual = 15113
Synthesis current peak Physical Memory [PSS] (MB): peak = 2840.125; parent = 2688.830; children = 151.711
Synthesis current peak Virtual Memory [VSS] (MB): peak = 4714.242; parent = 3696.379; children = 1017.863
---------------------------------------------------------------------------------
---------------------------------------------------------------------------------
Start Technology Mapping
---------------------------------------------------------------------------------
---------------------------------------------------------------------------------
Finished Technology Mapping : Time (s): cpu = 00:00:20 ; elapsed = 00:00:22 . Memory (MB): peak = 3725.422 ; gain = 900.914 ; free physical = 3869 ; free virtual = 15119
Synthesis current peak Physical Memory [PSS] (MB): peak = 2840.706; parent = 2689.411; children = 151.711
Synthesis current peak Virtual Memory [VSS] (MB): peak = 4743.289; parent = 3725.426; children = 1017.863
---------------------------------------------------------------------------------
---------------------------------------------------------------------------------
Start IO Insertion
---------------------------------------------------------------------------------
---------------------------------------------------------------------------------
Start Flattening Before IO Insertion
---------------------------------------------------------------------------------
---------------------------------------------------------------------------------
Finished Flattening Before IO Insertion
---------------------------------------------------------------------------------
---------------------------------------------------------------------------------
Start Final Netlist Cleanup
---------------------------------------------------------------------------------
---------------------------------------------------------------------------------
Finished Final Netlist Cleanup
---------------------------------------------------------------------------------
---------------------------------------------------------------------------------
Finished IO Insertion : Time (s): cpu = 00:00:23 ; elapsed = 00:00:25 . Memory (MB): peak = 3725.422 ; gain = 900.914 ; free physical = 3867 ; free virtual = 15118
Synthesis current peak Physical Memory [PSS] (MB): peak = 2841.002; parent = 2689.707; children = 151.711
Synthesis current peak Virtual Memory [VSS] (MB): peak = 4743.289; parent = 3725.426; children = 1017.863
---------------------------------------------------------------------------------
---------------------------------------------------------------------------------
Start Renaming Generated Instances
---------------------------------------------------------------------------------
---------------------------------------------------------------------------------
Finished Renaming Generated Instances : Time (s): cpu = 00:00:23 ; elapsed = 00:00:25 . Memory (MB): peak = 3725.422 ; gain = 900.914 ; free physical = 3867 ; free virtual = 15118
Synthesis current peak Physical Memory [PSS] (MB): peak = 2841.031; parent = 2689.736; children = 151.711
Synthesis current peak Virtual Memory [VSS] (MB): peak = 4743.289; parent = 3725.426; children = 1017.863
---------------------------------------------------------------------------------
---------------------------------------------------------------------------------
Start Rebuilding User Hierarchy
---------------------------------------------------------------------------------
---------------------------------------------------------------------------------
Finished Rebuilding User Hierarchy : Time (s): cpu = 00:00:23 ; elapsed = 00:00:25 . Memory (MB): peak = 3725.422 ; gain = 900.914 ; free physical = 3867 ; free virtual = 15118
Synthesis current peak Physical Memory [PSS] (MB): peak = 2841.418; parent = 2690.126; children = 151.711
Synthesis current peak Virtual Memory [VSS] (MB): peak = 4743.289; parent = 3725.426; children = 1017.863
---------------------------------------------------------------------------------
---------------------------------------------------------------------------------
Start Renaming Generated Ports
---------------------------------------------------------------------------------
---------------------------------------------------------------------------------
Finished Renaming Generated Ports : Time (s): cpu = 00:00:23 ; elapsed = 00:00:25 . Memory (MB): peak = 3725.422 ; gain = 900.914 ; free physical = 3871 ; free virtual = 15121
Synthesis current peak Physical Memory [PSS] (MB): peak = 2841.418; parent = 2690.126; children = 151.711
Synthesis current peak Virtual Memory [VSS] (MB): peak = 4743.289; parent = 3725.426; children = 1017.863
---------------------------------------------------------------------------------
---------------------------------------------------------------------------------
Start Handling Custom Attributes
---------------------------------------------------------------------------------
---------------------------------------------------------------------------------
Finished Handling Custom Attributes : Time (s): cpu = 00:00:23 ; elapsed = 00:00:26 . Memory (MB): peak = 3725.422 ; gain = 900.914 ; free physical = 3949 ; free virtual = 15200
Synthesis current peak Physical Memory [PSS] (MB): peak = 2841.418; parent = 2690.126; children = 151.711
Synthesis current peak Virtual Memory [VSS] (MB): peak = 4743.289; parent = 3725.426; children = 1017.863
---------------------------------------------------------------------------------
---------------------------------------------------------------------------------
Start Renaming Generated Nets
---------------------------------------------------------------------------------
---------------------------------------------------------------------------------
Finished Renaming Generated Nets : Time (s): cpu = 00:00:23 ; elapsed = 00:00:26 . Memory (MB): peak = 3725.422 ; gain = 900.914 ; free physical = 3941 ; free virtual = 15191
Synthesis current peak Physical Memory [PSS] (MB): peak = 2841.418; parent = 2690.126; children = 151.711
Synthesis current peak Virtual Memory [VSS] (MB): peak = 4743.289; parent = 3725.426; children = 1017.863
---------------------------------------------------------------------------------
---------------------------------------------------------------------------------
Start Writing Synthesis Report
---------------------------------------------------------------------------------

Report BlackBoxes: 
+-+--------------+----------+
| |BlackBox name |Instances |
+-+--------------+----------+
+-+--------------+----------+

Report Cell Usage: 
+------+-------+------+
|      |Cell   |Count |
+------+-------+------+
|1     |CARRY8 |     7|
|2     |LUT1   |     4|
|3     |LUT2   |    23|
|4     |LUT3   |    77|
|5     |LUT4   |    31|
|6     |LUT5   |    32|
|7     |LUT6   |    60|
|8     |MUXF7  |     2|
|9     |FDRE   |  1377|
|10    |FDSE   |    13|
+------+-------+------+
---------------------------------------------------------------------------------
Finished Writing Synthesis Report : Time (s): cpu = 00:00:23 ; elapsed = 00:00:26 . Memory (MB): peak = 3725.422 ; gain = 900.914 ; free physical = 3923 ; free virtual = 15174
Synthesis current peak Physical Memory [PSS] (MB): peak = 2866.055; parent = 2703.700; children = 162.354
Synthesis current peak Virtual Memory [VSS] (MB): peak = 4743.289; parent = 3725.426; children = 1017.863
---------------------------------------------------------------------------------
Synthesis finished with 0 errors, 0 critical warnings and 3 warnings.
Synthesis Optimization Runtime : Time (s): cpu = 00:00:22 ; elapsed = 00:00:24 . Memory (MB): peak = 3725.422 ; gain = 741.164 ; free physical = 4200 ; free virtual = 15451
Synthesis Optimization Complete : Time (s): cpu = 00:00:23 ; elapsed = 00:00:26 . Memory (MB): peak = 3725.430 ; gain = 900.914 ; free physical = 4202 ; free virtual = 15453
INFO: [Project 1-571] Translating synthesized netlist
Netlist sorting complete. Time (s): cpu = 00:00:00.01 ; elapsed = 00:00:00.01 . Memory (MB): peak = 3736.391 ; gain = 0.000 ; free physical = 4243 ; free virtual = 15493
INFO: [Netlist 29-17] Analyzing 9 Unisim elements for replacement
INFO: [Netlist 29-28] Unisim Transformation completed in 0 CPU seconds
WARNING: [Netlist 29-101] Netlist 'design_1_axisafety_2_0' is not ideal for floorplanning, since the cellview 'axisafety' contains a large number of primitives.  Please consider enabling hierarchy in synthesis if you want to do floorplanning.
INFO: [Project 1-570] Preparing netlist for logic optimization
INFO: [Opt 31-138] Pushed 0 inverter(s) to 0 load pin(s).
Netlist sorting complete. Time (s): cpu = 00:00:00 ; elapsed = 00:00:00 . Memory (MB): peak = 3778.246 ; gain = 0.000 ; free physical = 4522 ; free virtual = 15775
INFO: [Project 1-111] Unisim Transformation Summary:
No Unisim elements were transformed.

Synth Design complete, checksum: 8db2f228
INFO: [Common 17-83] Releasing license: Synthesis
31 Infos, 26 Warnings, 0 Critical Warnings and 0 Errors encountered.
synth_design completed successfully
synth_design: Time (s): cpu = 00:00:31 ; elapsed = 00:00:31 . Memory (MB): peak = 3778.246 ; gain = 1868.094 ; free physical = 4739 ; free virtual = 15990
INFO: [Common 17-1381] The checkpoint '/home/agreshil/vivado_projects/i2c-master/x2o-vivado-usplus-control-i2c-master-pl/control/apex_kria/apex_kria.runs/design_1_axisafety_2_0_synth_1/design_1_axisafety_2_0.dcp' has been generated.
INFO: [Common 17-1381] The checkpoint '/home/agreshil/vivado_projects/i2c-master/x2o-vivado-usplus-control-i2c-master-pl/control/apex_kria/apex_kria.runs/design_1_axisafety_2_0_synth_1/design_1_axisafety_2_0.dcp' has been generated.
INFO: [runtcl-4] Executing : report_utilization -file design_1_axisafety_2_0_utilization_synth.rpt -pb design_1_axisafety_2_0_utilization_synth.pb
INFO: [Common 17-206] Exiting Vivado at Mon May 11 22:51:08 2026...
