#-----------------------------------------------------------
# Vivado v2022.2.2 (64-bit)
# SW Build 3788238 on Tue Feb 21 19:59:23 MST 2023
# IP Build 3783773 on Tue Feb 21 23:41:56 MST 2023
# Start of session at: Tue Mar  4 16:30:23 2025
# Process ID: 1110
# Current directory: /home/agreshil/vivado_projects/i2c-master/x2o-vivado-usplus-control-i2c-master-pl/control/apex_kria/apex_kria.runs/design_1_axi_gpio_0_2_synth_1
# Command line: vivado -log design_1_axi_gpio_0_2.vds -product Vivado -mode batch -messageDb vivado.pb -notrace -source design_1_axi_gpio_0_2.tcl
# Log file: /home/agreshil/vivado_projects/i2c-master/x2o-vivado-usplus-control-i2c-master-pl/control/apex_kria/apex_kria.runs/design_1_axi_gpio_0_2_synth_1/design_1_axi_gpio_0_2.vds
# Journal file: /home/agreshil/vivado_projects/i2c-master/x2o-vivado-usplus-control-i2c-master-pl/control/apex_kria/apex_kria.runs/design_1_axi_gpio_0_2_synth_1/vivado.jou
# Running On: uftrig01, OS: Linux, CPU Frequency: 4540.053 MHz, CPU Physical cores: 6, Host memory: 33506 MB
#-----------------------------------------------------------
source design_1_axi_gpio_0_2.tcl -notrace
